\BOOKMARK [0][-]{toc.0}{\376\377\000C\000O\000N\000T\000E\000N\000T\000S}{}% 1
\BOOKMARK [0][-]{chapter.1}{\376\377\000I\000N\000T\000R\000O\000D\000U\000C\000T\000I\000O\000N}{}% 2
\BOOKMARK [1][-]{section.1.1}{\376\377\000C\000l\000a\000s\000s\000i\000c\000a\000l\000\040\000M\000a\000c\000h\000i\000n\000e\000\040\000L\000e\000a\000r\000n\000i\000n\000g\000\040\000M\000e\000t\000h\000o\000d\000s}{chapter.1}% 3
\BOOKMARK [2][-]{subsection.1.1.1}{\376\377\000L\000o\000g\000i\000s\000t\000i\000c\000\040\000R\000e\000g\000r\000e\000s\000s\000i\000o\000n}{section.1.1}% 4
\BOOKMARK [2][-]{subsection.1.1.2}{\376\377\000N\000a\000i\000v\000e\000\040\000B\000a\000y\000e\000s\000\040\000C\000l\000a\000s\000s\000i\000f\000i\000e\000r}{section.1.1}% 5
\BOOKMARK [2][-]{subsection.1.1.3}{\376\377\000S\000u\000p\000p\000o\000r\000t\000\040\000V\000e\000c\000t\000o\000r\000\040\000M\000a\000c\000h\000i\000n\000e\000s}{section.1.1}% 6
\BOOKMARK [2][-]{subsection.1.1.4}{\376\377\000L\000i\000n\000e\000a\000r\000\040\000D\000i\000s\000c\000r\000i\000m\000i\000n\000a\000n\000t\000\040\000A\000n\000a\000l\000y\000s\000i\000s}{section.1.1}% 7
\BOOKMARK [2][-]{subsection.1.1.5}{\376\377\000R\000a\000n\000d\000o\000m\000\040\000F\000o\000r\000e\000s\000t\000s}{section.1.1}% 8
\BOOKMARK [2][-]{subsection.1.1.6}{\376\377\000L\000i\000g\000h\000t\000\040\000G\000r\000a\000d\000i\000e\000n\000t\000\040\000B\000o\000o\000s\000t\000i\000n\000g\000\040\000M\000a\000c\000h\000i\000n\000e}{section.1.1}% 9
\BOOKMARK [1][-]{section.1.2}{\376\377\000Q\000u\000a\000n\000t\000u\000m\000\040\000C\000o\000m\000p\000u\000t\000i\000n\000g\000\040\000a\000n\000d\000\040\000Q\000u\000a\000n\000t\000u\000m\000\040\000M\000a\000c\000h\000i\000n\000e\000\040\000L\000e\000a\000r\000n\000i\000n\000g}{chapter.1}% 10
\BOOKMARK [2][-]{subsection.1.2.1}{\376\377\000T\000h\000e\000\040\000Q\000u\000b\000i\000t}{section.1.2}% 11
\BOOKMARK [2][-]{subsection.1.2.2}{\376\377\000Q\000u\000b\000i\000t\000\040\000M\000a\000n\000i\000p\000u\000l\000a\000t\000i\000o\000n}{section.1.2}% 12
\BOOKMARK [2][-]{subsection.1.2.3}{\376\377\000M\000a\000n\000i\000p\000u\000l\000a\000t\000i\000o\000n\000\040\000o\000f\000\040\000M\000u\000l\000t\000i\000p\000l\000e\000\040\000Q\000u\000b\000i\000t\000s}{section.1.2}% 13
\BOOKMARK [2][-]{subsection.1.2.4}{\376\377\000Q\000u\000a\000n\000t\000u\000m\000\040\000E\000n\000t\000a\000n\000g\000l\000e\000m\000e\000n\000t}{section.1.2}% 14
\BOOKMARK [2][-]{subsection.1.2.5}{\376\377\000Q\000u\000a\000n\000t\000u\000m\000\040\000G\000a\000t\000e\000s}{section.1.2}% 15
\BOOKMARK [2][-]{subsection.1.2.6}{\376\377\000I\000n\000p\000u\000t\000\040\000E\000n\000c\000o\000d\000i\000n\000g\000\040\000T\000e\000c\000h\000n\000i\000q\000u\000e\000s}{section.1.2}% 16
\BOOKMARK [3][-]{subsubsection.1.2.6.1}{\376\377\000B\000a\000s\000i\000s\000\040\000E\000n\000c\000o\000d\000i\000n\000g}{subsection.1.2.6}% 17
\BOOKMARK [3][-]{subsubsection.1.2.6.2}{\376\377\000T\000i\000m\000e\000-\000e\000v\000o\000l\000u\000t\000i\000o\000n\000\040\000E\000n\000c\000o\000d\000i\000n\000g}{subsection.1.2.6}% 18
\BOOKMARK [3][-]{subsubsection.1.2.6.3}{\376\377\000H\000a\000m\000i\000l\000t\000o\000n\000i\000a\000n\000\040\000E\000n\000c\000o\000d\000i\000n\000g}{subsection.1.2.6}% 19
\BOOKMARK [3][-]{subsubsection.1.2.6.4}{\376\377\000A\000m\000p\000l\000i\000t\000u\000d\000e\000\040\000E\000n\000c\000o\000d\000i\000n\000g}{subsection.1.2.6}% 20
\BOOKMARK [2][-]{subsection.1.2.7}{\376\377\000V\000a\000r\000i\000a\000t\000i\000o\000n\000a\000l\000\040\000Q\000u\000a\000n\000t\000u\000m\000\040\000C\000l\000a\000s\000s\000i\000f\000i\000e\000r}{section.1.2}% 21
\BOOKMARK [0][-]{chapter.2}{\376\377\000R\000E\000S\000U\000L\000T\000S\000\040\000F\000R\000O\000M\000\040\000C\000L\000A\000S\000S\000I\000C\000A\000L\000\040\000M\000A\000C\000H\000I\000N\000E\000\040\000L\000E\000A\000R\000N\000I\000N\000G\000\040\000M\000E\000T\000H\000O\000D\000S}{}% 22
\BOOKMARK [1][-]{section.2.1}{\376\377\000E\000x\000p\000l\000o\000r\000a\000t\000o\000r\000y\000\040\000D\000a\000t\000a\000\040\000A\000n\000a\000l\000y\000s\000i\000s}{chapter.2}% 23
\BOOKMARK [1][-]{section.2.2}{\376\377\000E\000v\000a\000l\000u\000a\000t\000i\000o\000n\000\040\000o\000f\000\040\000C\000l\000a\000s\000s\000i\000c\000a\000l\000\040\000M\000a\000c\000h\000i\000n\000e\000\040\000L\000e\000a\000r\000n\000i\000n\000g\000\040\000M\000e\000t\000h\000o\000d\000s}{chapter.2}% 24
\BOOKMARK [2][-]{subsection.2.2.1}{\376\377\000C\000l\000a\000s\000s\000i\000c\000a\000l\000\040\000M\000o\000d\000e\000l\000s\000\040\000a\000n\000d\000\040\000t\000h\000e\000i\000r\000\040\000R\000e\000s\000p\000e\000c\000t\000i\000v\000e\000\040\000H\000y\000p\000e\000r\000p\000a\000r\000a\000m\000e\000t\000e\000r\000s}{section.2.2}% 25
\BOOKMARK [2][-]{subsection.2.2.2}{\376\377\000E\000v\000a\000l\000u\000a\000t\000i\000o\000n\000\040\000M\000e\000t\000r\000i\000c\000s}{section.2.2}% 26
\BOOKMARK [2][-]{subsection.2.2.3}{\376\377\000R\000e\000p\000e\000a\000t\000e\000d\000\040\000N\000e\000s\000t\000e\000d\000\040\000C\000r\000o\000s\000s\000\040\000V\000a\000l\000i\000d\000a\000t\000i\000o\000n}{section.2.2}% 27
\BOOKMARK [1][-]{section.2.3}{\376\377\000F\000i\000n\000d\000i\000n\000g\000\040\000t\000h\000e\000\040\000B\000e\000s\000t\000\040\000C\000l\000a\000s\000s\000i\000c\000a\000l\000\040\000M\000o\000d\000e\000l}{chapter.2}% 28
\BOOKMARK [1][-]{section.2.4}{\376\377\000F\000i\000n\000e\000t\000u\000n\000i\000n\000g\000\040\000t\000h\000e\000\040\000B\000e\000s\000t\000\040\000M\000o\000d\000e\000l}{chapter.2}% 29
\BOOKMARK [2][-]{subsection.2.4.1}{\376\377\000B\000o\000o\000t\000s\000t\000r\000a\000p\000p\000i\000n\000g}{section.2.4}% 30
\BOOKMARK [2][-]{subsection.2.4.2}{\376\377\0009\0005\000\045\000\040\000C\000o\000n\000f\000i\000d\000e\000n\000c\000e\000\040\000I\000n\000t\000e\000r\000v\000a\000l\000s\000\040\000b\000a\000s\000e\000d\000\040\000o\000n\000\040\000b\000o\000o\000t\000s\000t\000r\000a\000p\000p\000i\000n\000g}{section.2.4}% 31
\BOOKMARK [0][-]{chapter.3}{\376\377\000R\000E\000S\000U\000L\000T\000S\000\040\000F\000R\000O\000M\000\040\000V\000A\000R\000I\000A\000T\000I\000O\000N\000A\000L\000\040\000Q\000U\000A\000N\000T\000U\000M\000\040\000M\000E\000T\000H\000O\000D\000S}{}% 32
\BOOKMARK [1][-]{section.3.1}{\376\377\0001\000-\000q\000u\000b\000i\000t\000\040\000R\000e\000s\000u\000l\000t\000s}{chapter.3}% 33
\BOOKMARK [1][-]{section.3.2}{\376\377\0002\000-\000q\000u\000b\000i\000t\000s\000\040\000R\000e\000s\000u\000l\000t\000s}{chapter.3}% 34
\BOOKMARK [1][-]{section.3.3}{\376\377\0003\000-\000q\000u\000b\000i\000t\000s\000\040\000R\000e\000s\000u\000l\000t\000s}{chapter.3}% 35
\BOOKMARK [1][-]{section.3.4}{\376\377\0004\000-\000q\000u\000b\000i\000t\000s\000\040\000R\000e\000s\000u\000l\000t\000s}{chapter.3}% 36
\BOOKMARK [1][-]{section.3.5}{\376\377\0005\000-\000q\000u\000b\000i\000t\000s\000\040\000R\000e\000s\000u\000l\000t\000s}{chapter.3}% 37
\BOOKMARK [0][-]{chapter.4}{\376\377\000C\000O\000M\000P\000A\000R\000I\000S\000O\000N\000\040\000O\000F\000\040\000T\000H\000E\000\040\000R\000E\000S\000U\000L\000T\000S}{}% 38
\BOOKMARK [0][-]{chapter.5}{\376\377\000C\000O\000N\000C\000L\000U\000S\000I\000O\000N}{}% 39
\BOOKMARK [0][-]{chapter*.82}{\376\377\000A\000B\000B\000R\000E\000V\000I\000A\000T\000I\000O\000N\000S\000\040\000-\000\040\000A\000C\000R\000O\000N\000Y\000M\000S}{}% 40
\BOOKMARK [0][-]{appendix.A}{\376\377\000F\000I\000R\000S\000T\000\040\000A\000P\000P\000E\000N\000D\000I\000X}{}% 41
\BOOKMARK [0][-]{appendix.B}{\376\377\000S\000E\000C\000O\000N\000D\000\040\000A\000P\000P\000E\000N\000D\000I\000X}{}% 42
\BOOKMARK [0][-]{section*.83}{\376\377\000A\000P\000P\000E\000N\000D\000I\000C\000E\000S}{}% 43
\BOOKMARK [0][-]{appendix*.84}{\376\377\000B\000I\000B\000L\000I\000O\000G\000R\000A\000P\000H\000Y}{}% 44
