This is XeTeX, Version 3.141592653-2.6-0.999998 (MiKTeX 26.1) (preloaded format=xelatex 2026.2.18)  22 FEB 2026 19:32
entering extended mode
 restricted \write18 enabled.
 %&-line parsing enabled.
**./thesis_en.tex
(thesis_en.tex
LaTeX2e <2025-11-01>
L3 programming layer <2026-01-19>
(dimscthesis.cls
Document Class: dimscthesis 2023/10/04 v1.1 LaTeX class for MSc Theses submitte
d to the Department of Informatics and Telecommunications of the National and K
apodistrian University of Athens (by Laertis Moustakas <lmoustak@gmail.com>)
(C:\Users\User\AppData\Local\Programs\MiKTeX\tex/latex/base\book.cls
Document Class: book 2025/01/22 v1.4n Standard LaTeX document class
(C:\Users\User\AppData\Local\Programs\MiKTeX\tex/latex/base\bk12.clo
File: bk12.clo 2025/01/22 v1.4n Standard LaTeX file (size option)
)
\c@part=\count271
\c@chapter=\count272
\c@section=\count273
\c@subsection=\count274
\c@subsubsection=\count275
\c@paragraph=\count276
\c@subparagraph=\count277
\c@figure=\count278
\c@table=\count279
\abovecaptionskip=\skip49
\belowcaptionskip=\skip50
\bibindent=\dimen148
)
(C:\Users\User\AppData\Local\Programs\MiKTeX\tex/latex/geometry\geometry.sty
Package: geometry 2020/01/02 v5.9 Page Geometry

(C:\Users\User\AppData\Local\Programs\MiKTeX\tex/latex/graphics\keyval.sty
Package: keyval 2022/05/29 v1.15 key=value parser (DPC)
\KV@toks@=\toks17
)
(C:\Users\User\AppData\Local\Programs\MiKTeX\tex/generic/iftex\ifvtex.sty
Package: ifvtex 2019/10/25 v1.7 ifvtex legacy package. Use iftex instead.

(C:\Users\User\AppData\Local\Programs\MiKTeX\tex/generic/iftex\iftex.sty
Package: iftex 2024/12/12 v1.0g TeX engine tests
))
\Gm@cnth=\count280
\Gm@cntv=\count281
\c@Gm@tempcnt=\count282
\Gm@bindingoffset=\dimen149
\Gm@wd@mp=\dimen150
\Gm@odd@mp=\dimen151
\Gm@even@mp=\dimen152
\Gm@layoutwidth=\dimen153
\Gm@layoutheight=\dimen154
\Gm@layouthoffset=\dimen155
\Gm@layoutvoffset=\dimen156
\Gm@dimlist=\toks18

(C:\Users\User\AppData\Local\Programs\MiKTeX\tex/latex/geometry\geometry.cfg))
(C:\Users\User\AppData\Local\Programs\MiKTeX\tex/latex/fancyhdr\fancyhdr.sty
Package: fancyhdr 2025/02/07 v5.2 Extensive control of page headers and footers

\f@nch@headwidth=\skip51
\f@nch@offset@elh=\skip52
\f@nch@offset@erh=\skip53
\f@nch@offset@olh=\skip54
\f@nch@offset@orh=\skip55
\f@nch@offset@elf=\skip56
\f@nch@offset@erf=\skip57
\f@nch@offset@olf=\skip58
\f@nch@offset@orf=\skip59
\f@nch@height=\skip60
\f@nch@footalignment=\skip61
\f@nch@widthL=\skip62
\f@nch@widthC=\skip63
\f@nch@widthR=\skip64
\@temptokenb=\toks19
)
(C:\Users\User\AppData\Local\Programs\MiKTeX\tex/latex/emptypage\emptypage.sty
Package: emptypage 2010/05/30 v1.2 Suppress page numbers and headings on empty 
pages
) (C:\Users\User\AppData\Local\Programs\MiKTeX\tex/latex/graphics\graphicx.sty
Package: graphicx 2024/12/31 v1.2e Enhanced LaTeX Graphics (DPC,SPQR)

(C:\Users\User\AppData\Local\Programs\MiKTeX\tex/latex/graphics\graphics.sty
Package: graphics 2024/08/06 v1.4g Standard LaTeX Graphics (DPC,SPQR)

(C:\Users\User\AppData\Local\Programs\MiKTeX\tex/latex/graphics\trig.sty
Package: trig 2023/12/02 v1.11 sin cos tan (DPC)
)
(C:\Users\User\AppData\Local\Programs\MiKTeX\tex/latex/graphics-cfg\graphics.cf
g
File: graphics.cfg 2016/06/04 v1.11 sample graphics configuration
)
Package graphics Info: Driver file: xetex.def on input line 106.

(C:\Users\User\AppData\Local\Programs\MiKTeX\tex/latex/graphics-def\xetex.def
File: xetex.def 2025/11/01 v5.0p Graphics/color driver for xetex
))
\Gin@req@height=\dimen157
\Gin@req@width=\dimen158
) (C:\Users\User\AppData\Local\Programs\MiKTeX\tex/latex/sectsty\sectsty.sty
Package: sectsty 2002/02/25 v2.0.2 Commands to change all sectional heading sty
les


LaTeX Warning: Command \underbar  has changed.
               Check if current package is valid.


LaTeX Warning: Command \underline  has changed.
               Check if current package is valid.

) (C:\Users\User\AppData\Local\Programs\MiKTeX\tex/latex/textcase\textcase.sty
Package: textcase 2025/02/16 v1.05 Text only upper/lower case changing (DPC)
Package textcase Info: Defining Legacy names on input line 20.
) (C:\Users\User\AppData\Local\Programs\MiKTeX\tex/latex/multibib\multibib.sty
Package: multibib 2008/12/10 v1.4 Multiple bibliographies for one document.
\mb@biblabelwidth=\count283
)
(C:\Users\User\AppData\Local\Programs\MiKTeX\tex/latex/tocloft\tocloft.sty
Package: tocloft 2017/08/31 v2.3i parameterised ToC, etc., typesetting
Package tocloft Info: The document has chapter divisions on input line 51.
\cftparskip=\skip65
\cftbeforetoctitleskip=\skip66
\cftaftertoctitleskip=\skip67
\cftbeforepartskip=\skip68
\cftpartnumwidth=\skip69
\cftpartindent=\skip70
\cftbeforechapskip=\skip71
\cftchapindent=\skip72
\cftchapnumwidth=\skip73
\cftbeforesecskip=\skip74
\cftsecindent=\skip75
\cftsecnumwidth=\skip76
\cftbeforesubsecskip=\skip77
\cftsubsecindent=\skip78
\cftsubsecnumwidth=\skip79
\cftbeforesubsubsecskip=\skip80
\cftsubsubsecindent=\skip81
\cftsubsubsecnumwidth=\skip82
\cftbeforeparaskip=\skip83
\cftparaindent=\skip84
\cftparanumwidth=\skip85
\cftbeforesubparaskip=\skip86
\cftsubparaindent=\skip87
\cftsubparanumwidth=\skip88
\cftbeforeloftitleskip=\skip89
\cftafterloftitleskip=\skip90
\cftbeforefigskip=\skip91
\cftfigindent=\skip92
\cftfignumwidth=\skip93
\c@lofdepth=\count284
\c@lotdepth=\count285
\cftbeforelottitleskip=\skip94
\cftafterlottitleskip=\skip95
\cftbeforetabskip=\skip96
\cfttabindent=\skip97
\cfttabnumwidth=\skip98
)
(C:\Users\User\AppData\Local\Programs\MiKTeX\tex/latex/etoolbox\etoolbox.sty
Package: etoolbox 2025/10/02 v2.5m e-TeX tools for LaTeX (JAW)
\etb@tempcnta=\count286
)
(C:\Users\User\AppData\Local\Programs\MiKTeX\tex/latex/tools\tabularx.sty
Package: tabularx 2023/12/11 v2.12a `tabularx' package (DPC)

(C:\Users\User\AppData\Local\Programs\MiKTeX\tex/latex/tools\array.sty
Package: array 2025/09/25 v2.6n Tabular extension package (FMi)
\col@sep=\dimen159
\ar@mcellbox=\box53
\extrarowheight=\dimen160
\NC@list=\toks20
\extratabsurround=\skip99
\backup@length=\skip100
\ar@cellbox=\box54
)
\TX@col@width=\dimen161
\TX@old@table=\dimen162
\TX@old@col=\dimen163
\TX@target=\dimen164
\TX@delta=\dimen165
\TX@cols=\count287
\TX@ftn=\toks21
)
(C:\Users\User\AppData\Local\Programs\MiKTeX\tex/latex/tools\longtable.sty
Package: longtable 2025-10-13 v4.24 Multi-page Table package (DPC)
\LTleft=\skip101
\LTright=\skip102
\LTpre=\skip103
\LTpost=\skip104
\LTchunksize=\count288
\LTcapwidth=\dimen166
\LT@head=\box55
\LT@firsthead=\box56
\LT@foot=\box57
\LT@lastfoot=\box58
\LT@gbox=\box59
\LT@cols=\count289
\LT@rows=\count290
\c@LT@tables=\count291
\c@LT@chunks=\count292
\LT@p@ftn=\toks22
)
(C:\Users\User\AppData\Local\Programs\MiKTeX\tex/latex/booktabs\booktabs.sty
Package: booktabs 2020/01/12 v1.61803398 Publication quality tables
\heavyrulewidth=\dimen167
\lightrulewidth=\dimen168
\cmidrulewidth=\dimen169
\belowrulesep=\dimen170
\belowbottomsep=\dimen171
\aboverulesep=\dimen172
\abovetopsep=\dimen173
\cmidrulesep=\dimen174
\cmidrulekern=\dimen175
\defaultaddspace=\dimen176
\@cmidla=\count293
\@cmidlb=\count294
\@aboverulesep=\dimen177
\@belowrulesep=\dimen178
\@thisruleclass=\count295
\@lastruleclass=\count296
\@thisrulewidth=\dimen179
)
(C:\Users\User\AppData\Local\Programs\MiKTeX\tex/latex/hyperref\hyperref.sty
Package: hyperref 2026-01-29 v7.01p Hypertext links for LaTeX

(C:\Users\User\AppData\Local\Programs\MiKTeX\tex/latex/kvsetkeys\kvsetkeys.sty
Package: kvsetkeys 2022-10-05 v1.19 Key value parser (HO)
)
(C:\Users\User\AppData\Local\Programs\MiKTeX\tex/generic/kvdefinekeys\kvdefinek
eys.sty
Package: kvdefinekeys 2019-12-19 v1.6 Define keys (HO)
)
(C:\Users\User\AppData\Local\Programs\MiKTeX\tex/generic/pdfescape\pdfescape.st
y
Package: pdfescape 2019/12/09 v1.15 Implements pdfTeX's escape features (HO)
 (C:\Users\User\AppData\Local\Programs\MiKTeX\tex/generic/ltxcmds\ltxcmds.sty
Package: ltxcmds 2023-12-04 v1.26 LaTeX kernel commands for general use (HO)
)
(C:\Users\User\AppData\Local\Programs\MiKTeX\tex/generic/pdftexcmds\pdftexcmds.
sty
Package: pdftexcmds 2020-06-27 v0.33 Utility functions of pdfTeX for LuaTeX (HO
)

(C:\Users\User\AppData\Local\Programs\MiKTeX\tex/generic/infwarerr\infwarerr.st
y
Package: infwarerr 2019/12/03 v1.5 Providing info/warning/error messages (HO)
)
Package pdftexcmds Info: \pdf@primitive is available.
Package pdftexcmds Info: \pdf@ifprimitive is available.
Package pdftexcmds Info: \pdfdraftmode not found.
)) (C:\Users\User\AppData\Local\Programs\MiKTeX\tex/latex/hycolor\hycolor.sty
Package: hycolor 2020-01-27 v1.10 Color options for hyperref/bookmark (HO)
) (C:\Users\User\AppData\Local\Programs\MiKTeX\tex/latex/hyperref\nameref.sty
Package: nameref 2026-01-29 v2.58 Cross-referencing by name of section

(C:\Users\User\AppData\Local\Programs\MiKTeX\tex/latex/refcount\refcount.sty
Package: refcount 2019/12/15 v3.6 Data extraction from label references (HO)
)
(C:\Users\User\AppData\Local\Programs\MiKTeX\tex/generic/gettitlestring\gettitl
estring.sty
Package: gettitlestring 2019/12/15 v1.6 Cleanup title references (HO)

(C:\Users\User\AppData\Local\Programs\MiKTeX\tex/latex/kvoptions\kvoptions.sty
Package: kvoptions 2022-06-15 v3.15 Key value format for package options (HO)
))
\c@section@level=\count297
)
(C:\Users\User\AppData\Local\Programs\MiKTeX\tex/generic/stringenc\stringenc.st
y
Package: stringenc 2019/11/29 v1.12 Convert strings between diff. encodings (HO
)
)
\@linkdim=\dimen180
\Hy@linkcounter=\count298
\Hy@pagecounter=\count299
 (C:\Users\User\AppData\Local\Programs\MiKTeX\tex/latex/hyperref\pd1enc.def
File: pd1enc.def 2026-01-29 v7.01p Hyperref: PDFDocEncoding definition (HO)
)
(C:\Users\User\AppData\Local\Programs\MiKTeX\tex/generic/intcalc\intcalc.sty
Package: intcalc 2019/12/15 v1.3 Expandable calculations with integers (HO)
)
\Hy@SavedSpaceFactor=\count300

(C:\Users\User\AppData\Local\Programs\MiKTeX\tex/latex/hyperref\puenc.def
File: puenc.def 2026-01-29 v7.01p Hyperref: PDF Unicode definition (HO)
)
Package hyperref Info: Hyper figures OFF on input line 4201.
Package hyperref Info: Link nesting OFF on input line 4206.
Package hyperref Info: Hyper index ON on input line 4209.
Package hyperref Info: Plain pages OFF on input line 4216.
Package hyperref Info: Backreferencing OFF on input line 4221.
Package hyperref Info: Implicit mode ON; LaTeX internals redefined.
Package hyperref Info: Bookmarks ON on input line 4468.
\c@Hy@tempcnt=\count301

(C:\Users\User\AppData\Local\Programs\MiKTeX\tex/latex/url\url.sty
\Urlmuskip=\muskip17
Package: url 2013/09/16  ver 3.4  Verb mode for urls, etc.
)
LaTeX Info: Redefining \url on input line 4807.
\XeTeXLinkMargin=\dimen181

(C:\Users\User\AppData\Local\Programs\MiKTeX\tex/generic/bitset\bitset.sty
Package: bitset 2019/12/09 v1.3 Handle bit-vector datatype (HO)

(C:\Users\User\AppData\Local\Programs\MiKTeX\tex/generic/bigintcalc\bigintcalc.
sty
Package: bigintcalc 2019/12/15 v1.5 Expandable calculations on big integers (HO
)
))
\Fld@menulength=\count302
\Field@Width=\dimen182
\Fld@charsize=\dimen183
Package hyperref Info: Hyper figures OFF on input line 6084.
Package hyperref Info: Link nesting OFF on input line 6089.
Package hyperref Info: Hyper index ON on input line 6092.
Package hyperref Info: backreferencing OFF on input line 6099.
Package hyperref Info: Link coloring OFF on input line 6104.
Package hyperref Info: Link coloring with OCG OFF on input line 6109.
Package hyperref Info: PDF/A mode OFF on input line 6114.
\Hy@abspage=\count303
\c@Item=\count304
\c@Hfootnote=\count305
)
Package hyperref Info: Driver (autodetected): hxetex.

(C:\Users\User\AppData\Local\Programs\MiKTeX\tex/latex/hyperref\hxetex.def
File: hxetex.def 2026-01-29 v7.01p Hyperref driver for XeTeX
\pdfm@box=\box60
\c@Hy@AnnotLevel=\count306
\HyField@AnnotCount=\count307
\Fld@listcount=\count308
\c@bookmark@seq@number=\count309

(C:\Users\User\AppData\Local\Programs\MiKTeX\tex/latex/rerunfilecheck\rerunfile
check.sty
Package: rerunfilecheck 2025-06-21 v1.11 Rerun checks for auxiliary files (HO)

(C:\Users\User\AppData\Local\Programs\MiKTeX\tex/generic/uniquecounter\uniqueco
unter.sty
Package: uniquecounter 2019/12/15 v1.4 Provide unlimited unique counter (HO)
)
Package uniquecounter Info: New unique counter `rerunfilecheck' on input line 2
84.
)
\Hy@SectionHShift=\skip105
)
(C:\Users\User\AppData\Local\Programs\MiKTeX\tex/latex/caption\caption.sty
Package: caption 2023/08/05 v3.6o Customizing captions (AR)

(C:\Users\User\AppData\Local\Programs\MiKTeX\tex/latex/caption\caption3.sty
Package: caption3 2023/07/31 v2.4d caption3 kernel (AR)
\caption@tempdima=\dimen184
\captionmargin=\dimen185
\caption@leftmargin=\dimen186
\caption@rightmargin=\dimen187
\caption@width=\dimen188
\caption@indent=\dimen189
\caption@parindent=\dimen190
\caption@hangindent=\dimen191
Package caption Info: Standard document class detected.
)
\c@caption@flags=\count310
\c@continuedfloat=\count311
Package caption Info: hyperref package is loaded.
Package caption Info: longtable package is loaded.

(C:\Users\User\AppData\Local\Programs\MiKTeX\tex/latex/caption\ltcaption.sty
Package: ltcaption 2021/01/08 v1.4c longtable captions (AR)
))
(C:\Users\User\AppData\Local\Programs\MiKTeX\tex/latex/amsfonts\amssymb.sty
Package: amssymb 2013/01/14 v3.01 AMS font symbols

(C:\Users\User\AppData\Local\Programs\MiKTeX\tex/latex/amsfonts\amsfonts.sty
Package: amsfonts 2013/01/14 v3.01 Basic AMSFonts support
\@emptytoks=\toks23
\symAMSa=\mathgroup4
\symAMSb=\mathgroup5
LaTeX Font Info:    Redeclaring math symbol \hbar on input line 98.
LaTeX Font Info:    Overwriting math alphabet `\mathfrak' in version `bold'
(Font)                  U/euf/m/n --> U/euf/b/n on input line 106.
))
(C:\Users\User\AppData\Local\Programs\MiKTeX\tex/generic/babel\babel.sty
Package: babel 2026/01/26 v26.2 The multilingual framework for LuaLaTeX, pdfLaT
eX and XeLaTeX
\babel@savecnt=\count312
LaTeX Encoding Info:    Redeclaring text command \ij (encoding OT1) on input li
ne 2078.
LaTeX Encoding Info:    Redeclaring text command \IJ (encoding OT1) on input li
ne 2080.
LaTeX Encoding Info:    Redeclaring text command \ij (encoding T1) on input lin
e 2082.
LaTeX Encoding Info:    Redeclaring text command \IJ (encoding T1) on input lin
e 2083.
LaTeX Encoding Info:    Ignoring declaration for text command \ij (encoding ?) 
on input line 2084.
LaTeX Encoding Info:    Ignoring declaration for text command \IJ (encoding ?) 
on input line 2086.
LaTeX Encoding Info:    Ignoring declaration for text command \SS (encoding ?) 
on input line 2111.
\U@D=\dimen192
\l@unhyphenated=\language79

(C:\Users\User\AppData\Local\Programs\MiKTeX\tex/generic/babel\xebabel.def)
\bbl@readstream=\read2
\bbl@dirlevel=\count313
Package babel Info: Configuration files are deprecated, as
(babel)             they can break document portability.
(babel)             Reported on input line 4206.

*************************************
* Local config file bblopts.cfg used
*
(C:\Users\User\AppData\Local\Programs\MiKTeX\tex/latex/arabi\bblopts.cfg
File: bblopts.cfg 2005/09/08 v0.1 add Arabic and Farsi to "declared" options of
 babel
)
(C:\Users\User\AppData\Local\Programs\MiKTeX\tex/generic/babel/locale/en\babel-
english.tex)
(C:\Users\User\AppData\Local\Programs\MiKTeX\tex/generic/babel/locale/el\babel-
greek.tex)
Package babel Info: Importing font and identification data for english
(babel)             from babel-en.ini. Reported on input line 4330.

(C:\Users\User\AppData\Local\Programs\MiKTeX\tex/latex/babel-english\english.ld
f
Language: english 2017/06/06 v3.3r English support from the babel system
Package babel Info: Hyphen rules for 'canadian' set to \l@english
(babel)             (\language0). Reported on input line 102.
Package babel Info: Hyphen rules for 'australian' set to \l@ukenglish
(babel)             (\language73). Reported on input line 105.
Package babel Info: Hyphen rules for 'newzealand' set to \l@ukenglish
(babel)             (\language73). Reported on input line 108.
)
Package babel Info: Importing font and identification data for greek
(babel)             from babel-el.ini. Reported on input line 4330.
 (C:\Users\User\AppData\Local\Programs\MiKTeX\tex/latex/babel-greek\greek.ldf
Language: greek 2023/10/13 1.15 Greek support for the babel system
\bbl@monogreek=\count314
\bbl@polygreek=\count315
\bbl@ancientgreek=\count316

(C:\Users\User\AppData\Local\Programs\MiKTeX\tex/latex/greek-fontenc\tuenc-gree
k.def
File: tuenc-greek.def 2023-09-12 2.5 Greek LICRs for XeTeX and LuaTeX

(C:\Users\User\AppData\Local\Programs\MiKTeX\tex/latex/greek-fontenc\greek-font
enc.def
File: greek-fontenc.def 2023-09-12 2.5 Common Greek font encoding definitions
)
LaTeX Encoding Info:    Redeclaring text symbol \textmu (encoding TU) on input 
line 215.
LaTeX Encoding Info:    Redeclaring text symbol \textohm (encoding TU) on input
 line 350.
)
LaTeX Encoding Info:    Ignoring declaration for text command \textmugreek (enc
oding TU) on input line 638.
))
(C:\Users\User\AppData\Local\Programs\MiKTeX\tex/latex/fontspec\fontspec.sty
(C:\Users\User\AppData\Local\Programs\MiKTeX\tex/latex/l3packages/xparse\xparse
.sty (C:\Users\User\AppData\Local\Programs\MiKTeX\tex/latex/l3kernel\expl3.sty
Package: expl3 2026-01-19 L3 programming layer (loader) 

(C:\Users\User\AppData\Local\Programs\MiKTeX\tex/latex/l3backend\l3backend-xete
x.def
File: l3backend-xetex.def 2025-10-09 L3 backend support: XeTeX
\g__graphics_track_int=\count317
\g__pdfannot_backend_int=\count318
\g__pdfannot_backend_link_int=\count319
))
Package: xparse 2025-10-09 L3 Experimental document command parser
)
Package: fontspec 2025/09/29 v2.9g Font selection for XeLaTeX and LuaLaTeX

(C:\Users\User\AppData\Local\Programs\MiKTeX\tex/latex/fontspec\fontspec-xetex.
sty
Package: fontspec-xetex 2025/09/29 v2.9g Font selection for XeLaTeX and LuaLaTe
X
\l__fontspec_script_int=\count320
\l__fontspec_language_int=\count321
\l__fontspec_strnum_int=\count322
\l__fontspec_tmp_int=\count323
\l__fontspec_tmpa_int=\count324
\l__fontspec_tmpb_int=\count325
\l__fontspec_tmpc_int=\count326
\l__fontspec_em_int=\count327
\l__fontspec_emdef_int=\count328
\l__fontspec_strong_int=\count329
\l__fontspec_strongdef_int=\count330
\l__fontspec_tmpa_dim=\dimen193
\l__fontspec_tmpb_dim=\dimen194
\l__fontspec_tmpc_dim=\dimen195
 (C:\Users\User\AppData\Local\Programs\MiKTeX\tex/latex/base\fontenc.sty
Package: fontenc 2025/07/18 v2.1d Standard LaTeX package
)
(C:\Users\User\AppData\Local\Programs\MiKTeX\tex/latex/fontspec\fontspec.cfg)))
(C:\Users\User\AppData\Local\Programs\MiKTeX\tex/xelatex/xunicode\xunicode.sty
File: xunicode.sty 2011/09/09 v0.981 provides access to latin accents and many 
other characters in Unicode lower plane

(C:\Users\User\AppData\Local\Programs\MiKTeX\tex/latex/tipa\t3enc.def
File: t3enc.def 2001/12/31 T3 encoding
)
\tipaTiiicode=\count331
\tipasavetokens=\toks24
\tipachecktokens=\toks25
LaTeX Encoding Info:    Redeclaring text command \nobreakspace (encoding TU) on
 input line 1725.
LaTeX Encoding Info:    Redeclaring text command \copyright (encoding TU) on in
put line 1739.
LaTeX Encoding Info:    Redeclaring text command \AA (encoding TU) on input lin
e 1785.
LaTeX Encoding Info:    Redeclaring text command \aa (encoding TU) on input lin
e 1842.
LaTeX Encoding Info:    Redeclaring text command \textrhookopeno (encoding TU) 
on input line 3119.
LaTeX Encoding Info:    Redeclaring text command \textaolig (encoding TU) on in
put line 3729.
)
(C:\Users\User\AppData\Local\Programs\MiKTeX\tex/latex/xltxtra\xltxtra.sty
Package: xltxtra 2018/12/31 v0.7 Improvements for the "XeLaTeX" format

(C:\Users\User\AppData\Local\Programs\MiKTeX\tex/generic/iftex\ifluatex.sty
Package: ifluatex 2019/10/25 v1.5 ifluatex legacy package. Use iftex instead.
)
(C:\Users\User\AppData\Local\Programs\MiKTeX\tex/generic/iftex\ifxetex.sty
Package: ifxetex 2019/10/25 v0.7 ifxetex legacy package. Use iftex instead.
)
(C:\Users\User\AppData\Local\Programs\MiKTeX\tex/latex/realscripts\realscripts.
sty
Package: realscripts 2016/02/13 v0.3d Access OpenType subscripts and superscrip
ts
\subsupersep=\dimen196
)
(C:\Users\User\AppData\Local\Programs\MiKTeX\tex/latex/metalogo\metalogo.sty
Package: metalogo 2010/05/29 v0.12 Extended TeX logo macros
\xl@everylogo=\toks26
\xl@@everylogo=\toks27
LaTeX Info: Redefining \TeX on input line 193.
LaTeX Info: Redefining \LaTeX on input line 202.
LaTeX Info: Redefining \LaTeXe on input line 219.
)
\l__xetex_show_hyphens_wrapping_box=\box61
\l__xetex_show_hyphens_temp_box=\box62
\l__xetex_show_hyphens_final_box=\box63
\g__xetex_show_hyphens_word_box=\box64
)

Package fontspec Info: 
(fontspec)             Font family 'Arial(0)' created for font 'Arial' with
(fontspec)             options [Ligatures=TeX,Ligatures={Common,TeX}].
(fontspec)              
(fontspec)              This font family consists of the following NFSS
(fontspec)             series/shapes:
(fontspec)              
(fontspec)             - 'normal' (m/n) with NFSS spec.:
(fontspec)             <->"Arial/OT:script=latn;language=dflt;+liga;mapping=tex
-text;"
(fontspec)             - 'small caps'  (m/sc) with NFSS spec.:
(fontspec)             <->"Arial/OT:script=latn;language=dflt;+liga;+smcp;mappi
ng=tex-text;"
(fontspec)             - 'bold' (b/n) with NFSS spec.:
(fontspec)             <->"Arial/B/OT:script=latn;language=dflt;+liga;mapping=t
ex-text;"
(fontspec)             - 'bold small caps'  (b/sc) with NFSS spec.:
(fontspec)             <->"Arial/B/OT:script=latn;language=dflt;+liga;+smcp;map
ping=tex-text;"
(fontspec)             - 'italic' (m/it) with NFSS spec.:
(fontspec)             <->"Arial/I/OT:script=latn;language=dflt;+liga;mapping=t
ex-text;"
(fontspec)             - 'italic small caps'  (m/scit) with NFSS spec.:
(fontspec)             <->"Arial/I/OT:script=latn;language=dflt;+liga;+smcp;map
ping=tex-text;"
(fontspec)             - 'bold italic' (b/it) with NFSS spec.:
(fontspec)             <->"Arial/BI/OT:script=latn;language=dflt;+liga;mapping=
tex-text;"
(fontspec)             - 'bold italic small caps'  (b/scit) with NFSS spec.:
(fontspec)             <->"Arial/BI/OT:script=latn;language=dflt;+liga;+smcp;ma
pping=tex-text;"


Package fontspec Info: 
(fontspec)             Arial scale = 0.9999975478716753.


Package fontspec Info: 
(fontspec)             Arial scale = 0.9999975478716753.


Package fontspec Info: 
(fontspec)             Arial scale = 0.9999975478716753.


Package fontspec Info: 
(fontspec)             Arial scale = 0.9999975478716753.


Package fontspec Info: 
(fontspec)             Arial scale = 0.9999975478716753.


Package fontspec Info: 
(fontspec)             Arial scale = 0.9999975478716753.


Package fontspec Info: 
(fontspec)             Arial/B scale = 0.9999975478716753.


Package fontspec Info: 
(fontspec)             Arial/B scale = 0.9999975478716753.


Package fontspec Info: 
(fontspec)             Arial/B scale = 0.9999975478716753.


Package fontspec Info: 
(fontspec)             Arial/B scale = 0.9999975478716753.


Package fontspec Info: 
(fontspec)             Arial/I scale = 0.9999975478716753.


Package fontspec Info: 
(fontspec)             Arial/I scale = 0.9999975478716753.


Package fontspec Info: 
(fontspec)             Arial/I scale = 0.9999975478716753.


Package fontspec Info: 
(fontspec)             Arial/I scale = 0.9999975478716753.


Package fontspec Info: 
(fontspec)             Arial/BI scale = 0.9999975478716753.


Package fontspec Info: 
(fontspec)             Arial/BI scale = 0.9999975478716753.


Package fontspec Info: 
(fontspec)             Arial/BI scale = 0.9999975478716753.


Package fontspec Info: 
(fontspec)             Arial/BI scale = 0.9999975478716753.


Package fontspec Info: 
(fontspec)             Font family 'Arial(1)' created for font 'Arial' with
(fontspec)             options
(fontspec)             [Mapping=tex-text,Scale=MatchLowercase,Ligatures=TeX,Map
ping=tex-text,Scale=MatchLowercase].
(fontspec)              
(fontspec)              This font family consists of the following NFSS
(fontspec)             series/shapes:
(fontspec)              
(fontspec)             - 'normal' (m/n) with NFSS spec.:
(fontspec)             <->s*[0.9999975478716753]"Arial/OT:script=latn;language=
dflt;mapping=tex-text;"
(fontspec)             - 'small caps'  (m/sc) with NFSS spec.:
(fontspec)             <->s*[0.9999975478716753]"Arial/OT:script=latn;language=
dflt;+smcp;mapping=tex-text;"
(fontspec)             - 'bold' (b/n) with NFSS spec.:
(fontspec)             <->s*[0.9999975478716753]"Arial/B/OT:script=latn;languag
e=dflt;mapping=tex-text;"
(fontspec)             - 'bold small caps'  (b/sc) with NFSS spec.:
(fontspec)             <->s*[0.9999975478716753]"Arial/B/OT:script=latn;languag
e=dflt;+smcp;mapping=tex-text;"
(fontspec)             - 'italic' (m/it) with NFSS spec.:
(fontspec)             <->s*[0.9999975478716753]"Arial/I/OT:script=latn;languag
e=dflt;mapping=tex-text;"
(fontspec)             - 'italic small caps'  (m/scit) with NFSS spec.:
(fontspec)             <->s*[0.9999975478716753]"Arial/I/OT:script=latn;languag
e=dflt;+smcp;mapping=tex-text;"
(fontspec)             - 'bold italic' (b/it) with NFSS spec.:
(fontspec)             <->s*[0.9999975478716753]"Arial/BI/OT:script=latn;langua
ge=dflt;mapping=tex-text;"
(fontspec)             - 'bold italic small caps'  (b/scit) with NFSS spec.:
(fontspec)             <->s*[0.9999975478716753]"Arial/BI/OT:script=latn;langua
ge=dflt;+smcp;mapping=tex-text;"


Package fontspec Info: 
(fontspec)             Courier New scale = 1.226324256867492.


Package fontspec Info: 
(fontspec)             Courier New scale = 0.95.


Package fontspec Info: 
(fontspec)             Courier New scale = 1.226324256867492.


Package fontspec Info: 
(fontspec)             Courier New scale = 0.95.


Package fontspec Info: 
(fontspec)             Courier New/B scale = 1.169600169786591.


Package fontspec Info: 
(fontspec)             Courier New/B scale = 0.95.


Package fontspec Info: 
(fontspec)             Courier New/I scale = 1.226324256867492.


Package fontspec Info: 
(fontspec)             Courier New/I scale = 0.95.


Package fontspec Info: 
(fontspec)             Courier New/BI scale = 1.169600169786591.


Package fontspec Info: 
(fontspec)             Courier New/BI scale = 0.95.


Package fontspec Info: 
(fontspec)             Font family 'CourierNew(0)' created for font 'Courier
(fontspec)             New' with options
(fontspec)             [Mapping=tex-text,Scale=MatchLowercase,WordSpace={1,0,0}
,HyphenChar=None,PunctuationSpace=WordSpace,Scale=0.95].
(fontspec)              
(fontspec)              This font family consists of the following NFSS
(fontspec)             series/shapes:
(fontspec)              
(fontspec)             - 'normal' (m/n) with NFSS spec.: <->s*[0.95]"Courier
(fontspec)             New/OT:script=latn;language=dflt;mapping=tex-text;"
(fontspec)             - 'bold' (b/n) with NFSS spec.: <->s*[0.95]"Courier
(fontspec)             New/B/OT:script=latn;language=dflt;mapping=tex-text;"
(fontspec)             - 'italic' (m/it) with NFSS spec.: <->s*[0.95]"Courier
(fontspec)             New/I/OT:script=latn;language=dflt;mapping=tex-text;"
(fontspec)             - 'bold italic' (b/it) with NFSS spec.:
(fontspec)             <->s*[0.95]"Courier
(fontspec)             New/BI/OT:script=latn;language=dflt;mapping=tex-text;"

)
Package hyperref Info: Option `unicode' set `true' on input line 61.
Package hyperref Info: Option `pdffitwindow' set `true' on input line 61.
Package hyperref Info: Option `pdfnewwindow' set `true' on input line 61.
Package hyperref Info: Option `colorlinks' set `true' on input line 61.
(C:\Users\User\AppData\Local\Programs\MiKTeX\tex/latex/enumitem\enumitem.sty
Package: enumitem 2025/02/06 v3.11 Customized lists
\labelindent=\skip106
\enit@outerparindent=\dimen197
\enit@toks=\toks28
\enit@inbox=\box65
\enit@count@id=\count332
\enitdp@description=\count333
)
(C:\Users\User\AppData\Local\Programs\MiKTeX\tex/latex/graphics\lscape.sty
Package: lscape 2020/05/28 v3.02 Landscape Pages (DPC)
)
(C:\Users\User\AppData\Local\Programs\MiKTeX\tex/latex/caption\subcaption.sty
Package: subcaption 2023/07/28 v1.6b Sub-captions (AR)
Package caption Info: New subtype `subfigure' on input line 238.
\c@subfigure=\count334
Package caption Info: New subtype `subtable' on input line 238.
\c@subtable=\count335
)
(C:\Users\User\AppData\Local\Programs\MiKTeX\tex/latex/listings\listings.sty
\lst@mode=\count336
\lst@gtempboxa=\box66
\lst@token=\toks29
\lst@length=\count337
\lst@currlwidth=\dimen198
\lst@column=\count338
\lst@pos=\count339
\lst@lostspace=\dimen199
\lst@width=\dimen256
\lst@newlines=\count340
\lst@lineno=\count341
\lst@maxwidth=\dimen257

(C:\Users\User\AppData\Local\Programs\MiKTeX\tex/latex/listings\lstpatch.sty
File: lstpatch.sty 2025/11/14 1.11b (Carsten Heinz)
)
(C:\Users\User\AppData\Local\Programs\MiKTeX\tex/latex/listings\lstmisc.sty
File: lstmisc.sty 2025/11/14 1.11b (Carsten Heinz)
\c@lstnumber=\count342
\lst@skipnumbers=\count343
\lst@framebox=\box67
)
(C:\Users\User\AppData\Local\Programs\MiKTeX\tex/latex/listings\listings.cfg
File: listings.cfg 2025/11/14 1.11b listings configuration
))
Package: listings 2025/11/14 1.11b (Carsten Heinz)

==> First Aid for listings.sty no longer applied!
    Expected:
        2024/09/23 1.10c (Carsten Heinz)
    but found:
        2025/11/14 1.11b (Carsten Heinz)
    so I'm assuming it got fixed.
(C:\Users\User\AppData\Local\Programs\MiKTeX\tex/latex/float\float.sty
Package: float 2001/11/08 v1.3d Float enhancements (AL)
\c@float@type=\count344
\float@exts=\toks30
\float@box=\box68
\@float@everytoks=\toks31
\@floatcapt=\box69
)
(C:\Users\User\AppData\Local\Programs\MiKTeX\tex/latex/amsmath\amsmath.sty
Package: amsmath 2025/07/09 v2.17z AMS math features
\@mathmargin=\skip107

For additional information on amsmath, use the `?' option.
(C:\Users\User\AppData\Local\Programs\MiKTeX\tex/latex/amsmath\amstext.sty
Package: amstext 2024/11/17 v2.01 AMS text

(C:\Users\User\AppData\Local\Programs\MiKTeX\tex/latex/amsmath\amsgen.sty
File: amsgen.sty 1999/11/30 v2.0 generic functions
\@emptytoks=\toks32
\ex@=\dimen258
))
(C:\Users\User\AppData\Local\Programs\MiKTeX\tex/latex/amsmath\amsbsy.sty
Package: amsbsy 1999/11/29 v1.2d Bold Symbols
\pmbraise@=\dimen259
)
(C:\Users\User\AppData\Local\Programs\MiKTeX\tex/latex/amsmath\amsopn.sty
Package: amsopn 2022/04/08 v2.04 operator names
)
\inf@bad=\count345
LaTeX Info: Redefining \frac on input line 233.
\uproot@=\count346
\leftroot@=\count347
LaTeX Info: Redefining \overline on input line 398.
LaTeX Info: Redefining \colon on input line 409.
\classnum@=\count348
\DOTSCASE@=\count349
LaTeX Info: Redefining \ldots on input line 495.
LaTeX Info: Redefining \dots on input line 498.
LaTeX Info: Redefining \cdots on input line 619.
\Mathstrutbox@=\box70
\strutbox@=\box71
LaTeX Info: Redefining \big on input line 721.
LaTeX Info: Redefining \Big on input line 722.
LaTeX Info: Redefining \bigg on input line 723.
LaTeX Info: Redefining \Bigg on input line 724.
\big@size=\dimen260
LaTeX Font Info:    Redeclaring font encoding OML on input line 742.
LaTeX Font Info:    Redeclaring font encoding OMS on input line 743.
\macc@depth=\count350
LaTeX Info: Redefining \bmod on input line 904.
LaTeX Info: Redefining \pmod on input line 909.
LaTeX Info: Redefining \smash on input line 939.
LaTeX Info: Redefining \relbar on input line 969.
LaTeX Info: Redefining \Relbar on input line 970.
\c@MaxMatrixCols=\count351
\dotsspace@=\muskip18
\c@parentequation=\count352
\dspbrk@lvl=\count353
\tag@help=\toks33
\row@=\count354
\column@=\count355
\maxfields@=\count356
\andhelp@=\toks34
\eqnshift@=\dimen261
\alignsep@=\dimen262
\tagshift@=\dimen263
\tagwidth@=\dimen264
\totwidth@=\dimen265
\lineht@=\dimen266
\@envbody=\toks35
\multlinegap=\skip108
\multlinetaggap=\skip109
\mathdisplay@stack=\toks36
LaTeX Info: Redefining \[ on input line 2950.
LaTeX Info: Redefining \] on input line 2951.
)
(C:\Users\User\AppData\Local\Programs\MiKTeX\tex/latex/braket\braket.sty)
(thesis_en.aux
Package babel Info: 'greek' activates 'greek' shorthands.
(babel)             Reported on input line 7.
)
\openout1 = `thesis_en.aux'.

LaTeX Font Info:    Checking defaults for OML/cmm/m/it on input line 213.
LaTeX Font Info:    ... okay on input line 213.
LaTeX Font Info:    Checking defaults for OMS/cmsy/m/n on input line 213.
LaTeX Font Info:    ... okay on input line 213.
LaTeX Font Info:    Checking defaults for OT1/cmr/m/n on input line 213.
LaTeX Font Info:    ... okay on input line 213.
LaTeX Font Info:    Checking defaults for T1/cmr/m/n on input line 213.
LaTeX Font Info:    ... okay on input line 213.
LaTeX Font Info:    Checking defaults for TS1/cmr/m/n on input line 213.
LaTeX Font Info:    ... okay on input line 213.
LaTeX Font Info:    Checking defaults for TU/lmr/m/n on input line 213.
LaTeX Font Info:    ... okay on input line 213.
LaTeX Font Info:    Checking defaults for OMX/cmex/m/n on input line 213.
LaTeX Font Info:    ... okay on input line 213.
LaTeX Font Info:    Checking defaults for U/cmr/m/n on input line 213.
LaTeX Font Info:    ... okay on input line 213.
LaTeX Font Info:    Checking defaults for PD1/pdf/m/n on input line 213.
LaTeX Font Info:    ... okay on input line 213.
LaTeX Font Info:    Checking defaults for PU/pdf/m/n on input line 213.
LaTeX Font Info:    ... okay on input line 213.
LaTeX Font Info:    Checking defaults for T3/cmr/m/n on input line 213.
LaTeX Font Info:    Trying to load font information for T3+cmr on input line 21
3.

(C:\Users\User\AppData\Local\Programs\MiKTeX\tex/latex/tipa\t3cmr.fd
File: t3cmr.fd 2001/12/31 TIPA font definitions
)
LaTeX Font Info:    ... okay on input line 213.

*geometry* driver: auto-detecting
*geometry* detected driver: xetex
*geometry* verbose mode - [ preamble ] result:
* driver: xetex
* paper: a4paper
* layout: <same size as paper>
* layoutoffset:(h,v)=(0.0pt,0.0pt)
* bindingoffset: 14.22636pt
* modes: includehead includefoot twoside 
* h-part:(L,W,R)=(56.9055pt, 469.4705pt, 56.9055pt)
* v-part:(T,H,B)=(56.9055pt, 731.23584pt, 56.9055pt)
* \paperwidth=597.50787pt
* \paperheight=845.04684pt
* \textwidth=469.4705pt
* \textheight=645.10397pt
* \oddsidemargin=-1.13812pt
* \evensidemargin=-15.36449pt
* \topmargin=-15.36449pt
* \headheight=15.0pt
* \headsep=35.56593pt
* \topskip=12.0pt
* \footskip=35.56593pt
* \marginparwidth=98.0pt
* \marginparsep=7.0pt
* \columnsep=10.0pt
* \skip\footins=10.8pt plus 4.0pt minus 2.0pt
* \hoffset=0.0pt
* \voffset=0.0pt
* \mag=1000
* \@twocolumnfalse
* \@twosidetrue
* \@mparswitchtrue
* \@reversemarginfalse
* (1in=72.27pt=25.4mm, 1cm=28.453pt)

(C:\Users\User\AppData\Local\Programs\MiKTeX\tex/latex/graphics\color.sty
Package: color 2025/01/14 v1.3e Standard LaTeX Color (DPC)

(C:\Users\User\AppData\Local\Programs\MiKTeX\tex/latex/graphics-cfg\color.cfg
File: color.cfg 2016/01/02 v1.6 sample color configuration
)
Package color Info: Driver file: xetex.def on input line 149.

(C:\Users\User\AppData\Local\Programs\MiKTeX\tex/latex/graphics\mathcolor.ltx))
Package hyperref Info: Link coloring ON on input line 213.
(thesis_en.out) (thesis_en.out)
\@outlinefile=\write3
\openout3 = `thesis_en.out'.

Package caption Info: Begin \AtBeginDocument code.
Package caption Info: float package is loaded.
Package caption Info: listings package is loaded.
Package caption Info: End \AtBeginDocument code.
Package babel Info: Importing data for greek
(babel)             from babel-el.ini. Reported on input line 213.

(C:\Users\User\AppData\Local\Programs\MiKTeX\tex/latex/greek-fontenc\puenc-gree
k.def
File: puenc-greek.def 2023-09-12 2.5 Greek LICRs for PDF strings

(C:\Users\User\AppData\Local\Programs\MiKTeX\tex/latex/greek-fontenc\greek-font
enc.def
File: greek-fontenc.def 2023-09-12 2.5 Common Greek font encoding definitions
)
LaTeX Encoding Info:    Redeclaring text command \textmu (encoding PU) on input
 line 179.
LaTeX Encoding Info:    Redeclaring text command \textohm (encoding PU) on inpu
t line 451.
)

Package fontspec Info: 
(fontspec)             Adjusting the maths setup (use [no-math] to avoid
(fontspec)             this).

\symlegacymaths=\mathgroup6
LaTeX Font Info:    Overwriting symbol font `legacymaths' in version `bold'
(Font)                  OT1/cmr/m/n --> OT1/cmr/bx/n on input line 213.
LaTeX Font Info:    Redeclaring math accent \acute on input line 213.
LaTeX Font Info:    Redeclaring math accent \grave on input line 213.
LaTeX Font Info:    Redeclaring math accent \ddot on input line 213.
LaTeX Font Info:    Redeclaring math accent \tilde on input line 213.
LaTeX Font Info:    Redeclaring math accent \bar on input line 213.
LaTeX Font Info:    Redeclaring math accent \breve on input line 213.
LaTeX Font Info:    Redeclaring math accent \check on input line 213.
LaTeX Font Info:    Redeclaring math accent \hat on input line 213.
LaTeX Font Info:    Redeclaring math accent \dot on input line 213.
LaTeX Font Info:    Redeclaring math accent \mathring on input line 213.
LaTeX Font Info:    Redeclaring math symbol \Gamma on input line 213.
LaTeX Font Info:    Redeclaring math symbol \Delta on input line 213.
LaTeX Font Info:    Redeclaring math symbol \Theta on input line 213.
LaTeX Font Info:    Redeclaring math symbol \Lambda on input line 213.
LaTeX Font Info:    Redeclaring math symbol \Xi on input line 213.
LaTeX Font Info:    Redeclaring math symbol \Pi on input line 213.
LaTeX Font Info:    Redeclaring math symbol \Sigma on input line 213.
LaTeX Font Info:    Redeclaring math symbol \Upsilon on input line 213.
LaTeX Font Info:    Redeclaring math symbol \Phi on input line 213.
LaTeX Font Info:    Redeclaring math symbol \Psi on input line 213.
LaTeX Font Info:    Redeclaring math symbol \Omega on input line 213.
LaTeX Font Info:    Redeclaring math symbol \mathdollar on input line 213.
LaTeX Font Info:    Redeclaring symbol font `operators' on input line 213.
LaTeX Font Info:    Encoding `OT1' has changed to `TU' for symbol font
(Font)              `operators' in the math version `normal' on input line 213.

LaTeX Font Info:    Overwriting symbol font `operators' in version `normal'
(Font)                  OT1/cmr/m/n --> TU/Arial(0)/m/n on input line 213.
LaTeX Font Info:    Encoding `OT1' has changed to `TU' for symbol font
(Font)              `operators' in the math version `bold' on input line 213.
LaTeX Font Info:    Overwriting symbol font `operators' in version `bold'
(Font)                  OT1/cmr/bx/n --> TU/Arial(0)/m/n on input line 213.
LaTeX Font Info:    Overwriting symbol font `operators' in version `normal'
(Font)                  TU/Arial(0)/m/n --> TU/Arial(0)/m/n on input line 213.
LaTeX Font Info:    Overwriting math alphabet `\mathit' in version `normal'
(Font)                  OT1/cmr/m/it --> TU/Arial(0)/m/it on input line 213.
LaTeX Font Info:    Overwriting math alphabet `\mathbf' in version `normal'
(Font)                  OT1/cmr/bx/n --> TU/Arial(0)/b/n on input line 213.
LaTeX Font Info:    Overwriting math alphabet `\mathsf' in version `normal'
(Font)                  OT1/cmss/m/n --> TU/Arial(1)/m/n on input line 213.
LaTeX Font Info:    Overwriting math alphabet `\mathtt' in version `normal'
(Font)                  OT1/cmtt/m/n --> TU/CourierNew(0)/m/n on input line 213
.
LaTeX Font Info:    Overwriting symbol font `operators' in version `bold'
(Font)                  TU/Arial(0)/m/n --> TU/Arial(0)/b/n on input line 213.
LaTeX Font Info:    Overwriting math alphabet `\mathit' in version `bold'
(Font)                  OT1/cmr/bx/it --> TU/Arial(0)/b/it on input line 213.
LaTeX Font Info:    Overwriting math alphabet `\mathsf' in version `bold'
(Font)                  OT1/cmss/bx/n --> TU/Arial(1)/b/n on input line 213.
LaTeX Font Info:    Overwriting math alphabet `\mathtt' in version `bold'
(Font)                  OT1/cmtt/m/n --> TU/CourierNew(0)/b/n on input line 213
.
\c@lstlisting=\count357
File: emblems/athena-black.pdf Graphic file (type pdf)
<use emblems/athena-black.pdf>

Underfull \hbox (badness 10000) in paragraph at lines 215--215

 []


Overfull \hbox (70.5752pt too wide) in paragraph at lines 215--215
[]\TU/Arial(0)/b/n/12 Supervisor: [] 
 []


Underfull \hbox (badness 10000) in paragraph at lines 215--215

 []

[1

] [2

]
File: emblems/athena-black.pdf Graphic file (type pdf)
<use emblems/athena-black.pdf>

Underfull \hbox (badness 10000) in paragraph at lines 215--215

 []


Overfull \hbox (86.57715pt too wide) in paragraph at lines 215--215
[]\TU/Arial(0)/b/n/12 Επιβλέπουσα: [] 
 []


Underfull \hbox (badness 10000) in paragraph at lines 215--215

 []

[3] [4

]
Underfull \hbox (badness 10000) in paragraph at lines 215--215

 []


Overfull \hbox (84.6875pt too wide) in paragraph at lines 215--215
[]\TU/Arial(0)/b/n/12 SUPERVISOR: []
 []


Underfull \hbox (badness 10000) in paragraph at lines 215--215

 []


Overfull \hbox (163.54382pt too wide) in paragraph at lines 215--215
[]\TU/Arial(0)/b/n/12 EXAMINATION COMMITTEE: []
 []


Underfull \hbox (badness 10000) in paragraph at lines 215--215

 []

[5] [6

]
Underfull \hbox (badness 10000) in paragraph at lines 215--215

 []


Overfull \hbox (92.4336pt too wide) in paragraph at lines 215--215
[]\TU/Arial(0)/b/n/12 ΕΠΙΒΛΕΠΟΥΣΑ: []
 []


Underfull \hbox (badness 10000) in paragraph at lines 215--215

 []


Overfull \hbox (144.47742pt too wide) in paragraph at lines 215--215
[]\TU/Arial(0)/b/n/12 ΕΞΕΤΑΣΤΙΚΗ ΕΠΙΤΡΟΠΗ: []
 []


Underfull \hbox (badness 10000) in paragraph at lines 215--215

 []

[7] [8

]
Underfull \hbox (badness 10000) in paragraph at lines 215--215

 []

[9

] [10

]
Underfull \hbox (badness 10000) in paragraph at lines 215--215

 []

[11] [12


] (thesis_en.toc
LaTeX Font Info:    Trying to load font information for U+msa on input line 8.

(C:\Users\User\AppData\Local\Programs\MiKTeX\tex/latex/amsfonts\umsa.fd
File: umsa.fd 2013/01/14 v3.01 AMS symbols A
)
LaTeX Font Info:    Trying to load font information for U+msb on input line 8.

(C:\Users\User\AppData\Local\Programs\MiKTeX\tex/latex/amsfonts\umsb.fd
File: umsb.fd 2013/01/14 v3.01 AMS symbols B
)
Underfull \vbox (badness 1701) has occurred while \output is active []

 [13])
\tf@toc=\write4
\openout4 = `thesis_en.toc'.


[14] (thesis_en.lof [15


] [16])
\tf@lof=\write5
\openout5 = `thesis_en.lof'.

 [17] [18

]
Chapter 1.

Overfull \hbox (0.10919pt too wide) in paragraph at lines 230--231
\TU/Arial(0)/m/n/12 term” quantum computing, fundamentally reshaping research i
n the field over recent years.
 []


Underfull \vbox (badness 10000) has occurred while \output is active []

 [19


]
Underfull \vbox (badness 10000) has occurred while \output is active []

 [20]
Overfull \hbox (6.56075pt too wide) in paragraph at lines 250--251
[]\TU/Arial(0)/m/n/12 Classification algorithms are designed to accurately cate
gorize test data into distinct groups,
 []

[21]
Underfull \vbox (badness 10000) has occurred while \output is active []

 [22]
Overfull \hbox (13.43817pt too wide) in paragraph at lines 274--275
[]\TU/Arial(0)/m/n/12 LDA relies on relatively strong assumptions, including no
rmality of features and homoscedas-
 []

[23]
Underfull \vbox (badness 3525) has occurred while \output is active []

 [24]
[25]
File: figures/qubit_bloch_sphere.png Graphic file (type bmp)
<figures/qubit_bloch_sphere.png>

Underfull \vbox (badness 1308) has occurred while \output is active []

 [26]
[27] [28] [29] [30] [31] [32] [33]
File: figures/circuit_diagram.png Graphic file (type bmp)
<figures/circuit_diagram.png>
 [34] [35]
Overfull \hbox (0.8075pt too wide) in paragraph at lines 797--798
\TU/Arial(0)/m/n/12 Hassidim-Lloyd algorithm for matrix inversion [[]]. This me
thod involves mapping a square
 []

[36] [37]
Underfull \vbox (badness 10000) has occurred while \output is active []

 [38]
File: figures/general_variational.png Graphic file (type bmp)
<figures/general_variational.png>

Underfull \vbox (badness 10000) has occurred while \output is active []

 [39]
[40]
Chapter 2.
File: figures/fna_nuclei.png Graphic file (type bmp)
<figures/fna_nuclei.png>

Underfull \vbox (badness 10000) has occurred while \output is active []

 [41

]
[42]
File: figures/class_distro.png Graphic file (type bmp)
<figures/class_distro.png>

Underfull \vbox (badness 10000) has occurred while \output is active []

 [43]
File: figures/feature_distro.png Graphic file (type bmp)
<figures/feature_distro.png>

Underfull \vbox (badness 10000) has occurred while \output is active []

 [44]
Overfull \vbox (30.33893pt too high) has occurred while \output is active []


[45]
File: figures/feature_corr_with_diagno.png Graphic file (type bmp)
<figures/feature_corr_with_diagno.png>
File: figures/heatmap_correlation_between_feats.png Graphic file (type bmp)
<figures/heatmap_correlation_between_feats.png>

Underfull \vbox (badness 10000) has occurred while \output is active []

 [46]
File: figures/cum_variance_PCA.png Graphic file (type bmp)
<figures/cum_variance_PCA.png>

Underfull \vbox (badness 10000) has occurred while \output is active []

 [47]
File: figures/pca_2_components.png Graphic file (type bmp)
<figures/pca_2_components.png>

Underfull \vbox (badness 10000) has occurred while \output is active []

 [48]
[49]
Overfull \hbox (12.06427pt too wide) in paragraph at lines 996--997
\TU/Arial(0)/m/n/12 To determine the most effective classifier for the tumor cl
assification task, six well-established
 []

[50] [51] [52] [53]
Underfull \vbox (badness 10000) has occurred while \output is active []

 [54]
File: figures/nested_cv_flowchart_edited.png Graphic file (type bmp)
<figures/nested_cv_flowchart_edited.png>

Underfull \vbox (badness 10000) has occurred while \output is active []

 [55]
Overfull \vbox (30.12321pt too high) has occurred while \output is active []


[56]
File: figures/model_comparison_faceted_horizontal_colored.png Graphic file (typ
e bmp)
<figures/model_comparison_faceted_horizontal_colored.png>
 [57]
File: figures/model_comparison_heatmap.png Graphic file (type bmp)
<figures/model_comparison_heatmap.png>

Underfull \vbox (badness 10000) has occurred while \output is active []

 [58]
[59] [60]
File: figures/violin_plot_boot_lr.png Graphic file (type bmp)
<figures/violin_plot_boot_lr.png>
File: figures/top_16_influential_lr.png Graphic file (type bmp)
<figures/top_16_influential_lr.png>

Underfull \vbox (badness 6691) has occurred while \output is active []

 [61]
[62]
Chapter 3.

Underfull \vbox (badness 10000) has occurred while \output is active []

 [63

]
Underfull \vbox (badness 10000) has occurred while \output is active []

 [64]
File: ./figures/best_VQC_2_qubits_biased.png Graphic file (type bmp)
<./figures/best_VQC_2_qubits_biased.png>

[65]
Overfull \hbox (0.33028pt too wide) in paragraph at lines 1255--1256
[]\TU/Arial(0)/m/n/12 The specific parameters associated with the highest valid
ation performance are preserved,
 []


Underfull \vbox (badness 10000) has occurred while \output is active []

 [66]
[67]
Underfull \vbox (badness 10000) has occurred while \output is active []

 [68]
File: ./figures/pairplot_2_PCs.png Graphic file (type bmp)
<./figures/pairplot_2_PCs.png>

Underfull \vbox (badness 10000) has occurred while \output is active []

 [69]
[70]
Underfull \vbox (badness 10000) has occurred while \output is active []

 [71]
File: ./figures/1_qubit_layer.png Graphic file (type bmp)
<./figures/1_qubit_layer.png>
File: ./figures/heatmap_performance_1_qubits_10_runs.png Graphic file (type bmp
)
<./figures/heatmap_performance_1_qubits_10_runs.png>

Underfull \vbox (badness 10000) has occurred while \output is active []

 [72]
File: ./figures/heatmap_efficiency_1_qubits_10_runs.png Graphic file (type bmp)

<./figures/heatmap_efficiency_1_qubits_10_runs.png>

Underfull \vbox (badness 10000) has occurred while \output is active []

 [73]
File: ./figures/trend_1_qubits_10_runs.png Graphic file (type bmp)
<./figures/trend_1_qubits_10_runs.png>

Underfull \vbox (badness 7832) has occurred while \output is active []

 [74]
File: ./figures/best_VQC_1_qubit_biased.png Graphic file (type bmp)
<./figures/best_VQC_1_qubit_biased.png>

Underfull \vbox (badness 10000) has occurred while \output is active []

 [75]
File: ./figures/best_losses_1_qubit_biased.png Graphic file (type bmp)
<./figures/best_losses_1_qubit_biased.png>

[76]
File: ./figures/best_metrics_1_qubit_biased.png Graphic file (type bmp)
<./figures/best_metrics_1_qubit_biased.png>
File: ./figures/best_VQC_1_qubit_unbiased.png Graphic file (type bmp)
<./figures/best_VQC_1_qubit_unbiased.png>

Underfull \vbox (badness 10000) has occurred while \output is active []

 [77]
File: ./figures/best_losses_1_qubit_unbiased.png Graphic file (type bmp)
<./figures/best_losses_1_qubit_unbiased.png>

[78]
File: ./figures/best_metrics_1_qubit_unbiased.png Graphic file (type bmp)
<./figures/best_metrics_1_qubit_unbiased.png>

Underfull \vbox (badness 2418) has occurred while \output is active []

 [79]
File: ./figures/pairplot_4_PCs.png Graphic file (type bmp)
<./figures/pairplot_4_PCs.png>

Underfull \vbox (badness 10000) has occurred while \output is active []

 [80]
File: ./figures/2_qubits_layer.png Graphic file (type bmp)
<./figures/2_qubits_layer.png>

[81]
File: ./figures/heatmap_performance_2_qubits_10_runs.png Graphic file (type bmp
)
<./figures/heatmap_performance_2_qubits_10_runs.png>
File: ./figures/heatmap_efficiency_2_qubits_10_runs.png Graphic file (type bmp)

<./figures/heatmap_efficiency_2_qubits_10_runs.png>

Underfull \vbox (badness 5893) has occurred while \output is active []

 [82]
File: ./figures/trend_2_qubits_10_runs.png Graphic file (type bmp)
<./figures/trend_2_qubits_10_runs.png>

Underfull \vbox (badness 10000) has occurred while \output is active []

 [83]
File: ./figures/best_VQC_2_qubits_unbiased.png Graphic file (type bmp)
<./figures/best_VQC_2_qubits_unbiased.png>
File: ./figures/best_losses_2_qubits_unbiased.png Graphic file (type bmp)
<./figures/best_losses_2_qubits_unbiased.png>

[84]
File: ./figures/best_metrics_2_qubits_unbiased.png Graphic file (type bmp)
<./figures/best_metrics_2_qubits_unbiased.png>

Underfull \vbox (badness 10000) has occurred while \output is active []

 [85]
File: ./figures/best_VQC_2_qubits_biased.png Graphic file (type bmp)
<./figures/best_VQC_2_qubits_biased.png>
File: ./figures/best_losses_2_qubits_biased.png Graphic file (type bmp)
<./figures/best_losses_2_qubits_biased.png>

[86]
File: ./figures/best_metrics_2_qubits_biased.png Graphic file (type bmp)
<./figures/best_metrics_2_qubits_biased.png>

Underfull \vbox (badness 10000) has occurred while \output is active []

 [87]
File: ./figures/pairplot_8_PCs.png Graphic file (type bmp)
<./figures/pairplot_8_PCs.png>

[88] [89]
File: ./figures/3_qubits_layer.png Graphic file (type bmp)
<./figures/3_qubits_layer.png>
File: ./figures/heatmap_performance_3_qubits_10_runs.png Graphic file (type bmp
)
<./figures/heatmap_performance_3_qubits_10_runs.png>
 [90]
File: ./figures/heatmap_efficiency_3_qubits_10_runs.png Graphic file (type bmp)

<./figures/heatmap_efficiency_3_qubits_10_runs.png>

Underfull \vbox (badness 10000) has occurred while \output is active []

 [91]
File: ./figures/trend_3_qubits_10_runs.png Graphic file (type bmp)
<./figures/trend_3_qubits_10_runs.png>

Underfull \vbox (badness 10000) has occurred while \output is active []

 [92]
File: ./figures/best_VQC_3_qubits_unbiased.png Graphic file (type bmp)
<./figures/best_VQC_3_qubits_unbiased.png>
File: ./figures/best_losses_3_qubits_unbiased.png Graphic file (type bmp)
<./figures/best_losses_3_qubits_unbiased.png>

[93]
File: ./figures/best_metrics_3_qubits_unbiased.png Graphic file (type bmp)
<./figures/best_metrics_3_qubits_unbiased.png>

Underfull \vbox (badness 10000) has occurred while \output is active []

 [94]
File: ./figures/best_VQC_3_qubits_biased.png Graphic file (type bmp)
<./figures/best_VQC_3_qubits_biased.png>
File: ./figures/best_losses_3_qubits_biased.png Graphic file (type bmp)
<./figures/best_losses_3_qubits_biased.png>

[95]
File: ./figures/best_metrics_3_qubits_biased.png Graphic file (type bmp)
<./figures/best_metrics_3_qubits_biased.png>

Underfull \vbox (badness 10000) has occurred while \output is active []

 [96]
File: ./figures/pairplot_16_PCs.png Graphic file (type bmp)
<./figures/pairplot_16_PCs.png>

[97] [98]
File: ./figures/4_qubits_layer.png Graphic file (type bmp)
<./figures/4_qubits_layer.png>
 [99]
File: ./figures/heatmap_performance_4_qubits_10_runs.png Graphic file (type bmp
)
<./figures/heatmap_performance_4_qubits_10_runs.png>
File: ./figures/heatmap_efficiency_4_qubits_10_runs.png Graphic file (type bmp)

<./figures/heatmap_efficiency_4_qubits_10_runs.png>

Underfull \vbox (badness 10000) has occurred while \output is active []

 [100]
File: ./figures/trend_4_qubits_10_runs.png Graphic file (type bmp)
<./figures/trend_4_qubits_10_runs.png>

Underfull \vbox (badness 10000) has occurred while \output is active []

 [101]
File: ./figures/best_VQC_4_qubits_unbiased.png Graphic file (type bmp)
<./figures/best_VQC_4_qubits_unbiased.png>
File: ./figures/best_losses_4_qubits_unbiased.png Graphic file (type bmp)
<./figures/best_losses_4_qubits_unbiased.png>

Underfull \vbox (badness 10000) has occurred while \output is active []

 [102]
File: ./figures/best_metrics_4_qubits_unbiased.png Graphic file (type bmp)
<./figures/best_metrics_4_qubits_unbiased.png>

Underfull \vbox (badness 10000) has occurred while \output is active []

 [103]
File: ./figures/best_VQC_4_qubits_biased.png Graphic file (type bmp)
<./figures/best_VQC_4_qubits_biased.png>
File: ./figures/best_losses_4_qubits_biased.png Graphic file (type bmp)
<./figures/best_losses_4_qubits_biased.png>

Underfull \vbox (badness 1389) has occurred while \output is active []

 [104]
File: ./figures/best_metrics_4_qubits_biased.png Graphic file (type bmp)
<./figures/best_metrics_4_qubits_biased.png>

Underfull \vbox (badness 10000) has occurred while \output is active []

 [105]
[106]
File: ./figures/5_qubits_layer.png Graphic file (type bmp)
<./figures/5_qubits_layer.png>
File: ./figures/heatmap_performance_5_qubits_10_runs.png Graphic file (type bmp
)
<./figures/heatmap_performance_5_qubits_10_runs.png>

Underfull \vbox (badness 10000) has occurred while \output is active []

 [107]
File: ./figures/heatmap_efficiency_5_qubits_10_runs.png Graphic file (type bmp)

<./figures/heatmap_efficiency_5_qubits_10_runs.png>

Underfull \vbox (badness 10000) has occurred while \output is active []

 [108]
File: ./figures/trend_5_qubits_10_runs.png Graphic file (type bmp)
<./figures/trend_5_qubits_10_runs.png>

Underfull \vbox (badness 10000) has occurred while \output is active []

 [109]
File: ./figures/best_VQC_5_qubits_unbiased.png Graphic file (type bmp)
<./figures/best_VQC_5_qubits_unbiased.png>
File: ./figures/best_losses_5_qubits_unbiased.png Graphic file (type bmp)
<./figures/best_losses_5_qubits_unbiased.png>

Underfull \vbox (badness 10000) has occurred while \output is active []

 [110]
File: ./figures/best_metrics_5_qubits_unbiased.png Graphic file (type bmp)
<./figures/best_metrics_5_qubits_unbiased.png>

Underfull \vbox (badness 10000) has occurred while \output is active []

 [111]
File: ./figures/best_VQC_5_qubits_biased.png Graphic file (type bmp)
<./figures/best_VQC_5_qubits_biased.png>
File: ./figures/best_losses_5_qubits_biased.png Graphic file (type bmp)
<./figures/best_losses_5_qubits_biased.png>

[112]
File: ./figures/best_metrics_5_qubits_biased.png Graphic file (type bmp)
<./figures/best_metrics_5_qubits_biased.png>

Underfull \vbox (badness 10000) has occurred while \output is active []

 [113]
[114]
Chapter 4.
File: ./figures/10_runs_unbiased_metrics_labeled.png Graphic file (type bmp)
<./figures/10_runs_unbiased_metrics_labeled.png>

Underfull \vbox (badness 10000) has occurred while \output is active []

 [115

]
File: ./figures/10_runs_biased_metrics_labeled.png Graphic file (type bmp)
<./figures/10_runs_biased_metrics_labeled.png>

Underfull \vbox (badness 10000) has occurred while \output is active []

 [116]
File: ./figures/10_runs_vqc_depth_comparison.png Graphic file (type bmp)
<./figures/10_runs_vqc_depth_comparison.png>

Underfull \vbox (badness 10000) has occurred while \output is active []

 [117]
File: ./figures/10_runs_vqc_params_comparison.png Graphic file (type bmp)
<./figures/10_runs_vqc_params_comparison.png>

Underfull \vbox (badness 10000) has occurred while \output is active []

 [118]
File: ./figures/10_runs_vqc_epochs_comparison.png Graphic file (type bmp)
<./figures/10_runs_vqc_epochs_comparison.png>

Underfull \vbox (badness 10000) has occurred while \output is active []

 [119]
Underfull \vbox (badness 1565) has occurred while \output is active []

 [120]
File: ./figures/vqc_vs_classical.png Graphic file (type bmp)
<./figures/vqc_vs_classical.png>

[121] [122

]
Chapter 5.

Underfull \vbox (badness 10000) has occurred while \output is active []

 [123]
[124] [125

] [126

]
Appendix A.
[127] [128

]
Appendix B.
(thesis_en.bbl [129] [130

] [131] [132]
Underfull \hbox (badness 6188) in paragraph at lines 328--331
[]\TU/Arial(0)/m/n/10 World Health Organization, “Breast cancer,” [][]$[][][][]
[] [] [] [] [][][] [] [][][] [] [][][] [] [][][][][][][][][][] [] [][][][][][][
][][][][][] [] [][][][][][] []
 []


Underfull \hbox (badness 2253) in paragraph at lines 333--336
[]\TU/Arial(0)/m/n/10 Cleveland Clinic, “Fine-needle aspiration (fna),” [][]$[]
[][][][] [] [] [] [][] [] [][][][][][][][][][][][][][][] [] [][][] [] [][][][][
][] [] [][][][][][][][][][][] []
 []

) [133] (thesis_en.aux)
 ***********
LaTeX2e <2025-11-01>
L3 programming layer <2026-01-19>
 ***********
Package rerunfilecheck Info: File `thesis_en.out' has not changed.
(rerunfilecheck)             Checksum: 556B9D9AC41FAC595901DD80834629E4;7965.
 ) 
Here is how much of TeX's memory you used:
 23497 strings out of 402982
 447537 string characters out of 5448680
 926071 words of memory out of 5000000
 51848 multiletter control sequences out of 15000+600000
 634785 words of font info for 112 fonts, out of 8000000 for 9000
 1348 hyphenation exceptions out of 8191
 88i,13n,130p,1566b,641s stack positions out of 10000i,1000n,20000p,200000b,200000s

Output written on thesis_en.pdf (133 pages).
